     Assembly listing for: DB575076880T1.mas
                Assembled: Tue Feb 11 20:18:50 PST 2014

         |          ORG 100            
         |                            /Get the inputs
100 5000 |          INPUT             /Get first input from keyboard
101 2114 |          STORE A           /Store first input from AC to A
102 5000 |          INPUT             /Get second input from keyboard
103 2115 |          STORE B           /Store second input from AC to B
         |                            
         |                            /Compare the inputs
104 1114 |  DBif    LOAD A            /Load first input into AC
105 4115 |          SUBT B            /Subtract B from AC
106 8400 |          SKIPCOND 400      /If AC == 0, Skip Jump
107 910E |          JUMP DBelse       /Jump to DBelse
         |                            
108 1114 |  DBthen  LOAD A            /Load A for doubling into AC
109 6000 |          OUTPUT            /Display original value of AC
10A 3114 |          ADD A             /Add the value of A to the AC
10B 2114 |          STORE A           /Store the new value of A into address from AC
10C 6000 |          OUTPUT            /Display new value of AC
10D 9113 |          JUMP DBendif      /Jump to DBendif
         |                            
10E 1115 |  DBelse  LOAD B            /Load B into AC
10F 6000 |          OUTPUT            /Display old value of B
110 4114 |          SUBT A            /Subtract the value of A from AC
111 2115 |          STORE B           /Store the new value of B from AC
112 6000 |          OUTPUT            /Output the new value of AC
         |                            
113 7000 |  DBendif HALT              /Terminate
         |                            
114 0000 |  A       DEC 0              
115 0000 |  B       DEC 0              
         |                            
         |          END                

Assembly successful.

         SYMBOL TABLE
         ---------------------------------------------------
          Symbol  | Defined | References 
         ---------+---------+-------------------------------
          A       |   114   | 101, 104, 108, 10A, 10B, 110
          B       |   115   | 103, 105, 10E, 111
          DBelse  |   10E   | 107
          DBendif |   113   | 10D
          DBif    |   104   | 
          DBthen  |   108   | 
         ---------------------------------------------------

